[debug] [2022-01-16T06:03:48.275Z] ----------------------------------------------------------------------
[debug] [2022-01-16T06:03:48.277Z] Command:       /usr/local/bin/firebase /Users/thucnguyen/.cache/firebase/tools/lib/node_modules/firebase-tools/lib/bin/firebase deploy
[debug] [2022-01-16T06:03:48.277Z] CLI Version:   8.4.0
[debug] [2022-01-16T06:03:48.277Z] Platform:      darwin
[debug] [2022-01-16T06:03:48.277Z] Node Version:  v12.16.1
[debug] [2022-01-16T06:03:48.278Z] Time:          Sun Jan 16 2022 01:03:48 GMT-0500 (Eastern Standard Time)
[debug] [2022-01-16T06:03:48.279Z] ----------------------------------------------------------------------
[debug] [2022-01-16T06:03:48.279Z] 
[debug] [2022-01-16T06:03:48.287Z] > command requires scopes: ["email","openid","https://www.googleapis.com/auth/cloudplatformprojects.readonly","https://www.googleapis.com/auth/firebase","https://www.googleapis.com/auth/cloud-platform"]
[debug] [2022-01-16T06:03:48.287Z] > authorizing via signed-in user
[debug] [2022-01-16T06:03:48.288Z] [iam] checking project capstone-database2 for permissions ["firebase.projects.get","firebasehosting.sites.update"]
[debug] [2022-01-16T06:03:48.290Z] >>> HTTP REQUEST POST https://cloudresourcemanager.googleapis.com/v1/projects/capstone-database2:testIamPermissions  
 {"permissions":["firebase.projects.get","firebasehosting.sites.update"]}
[debug] [2022-01-16T06:03:48.541Z] <<< HTTP RESPONSE 200 {"content-type":"application/json; charset=UTF-8","vary":"X-Origin, Referer, Origin,Accept-Encoding","date":"Sun, 16 Jan 2022 06:03:48 GMT","server":"ESF","cache-control":"private","x-xss-protection":"0","x-frame-options":"SAMEORIGIN","x-content-type-options":"nosniff","server-timing":"gfet4t7; dur=164","alt-svc":"h3=\":443\"; ma=2592000,h3-29=\":443\"; ma=2592000,h3-Q050=\":443\"; ma=2592000,h3-Q046=\":443\"; ma=2592000,h3-Q043=\":443\"; ma=2592000,quic=\":443\"; ma=2592000; v=\"46,43\"","accept-ranges":"none","transfer-encoding":"chunked"}
[debug] [2022-01-16T06:03:48.544Z] >>> HTTP REQUEST GET https://firebase.googleapis.com/v1beta1/projects/capstone-database2  
 
[debug] [2022-01-16T06:03:48.797Z] <<< HTTP RESPONSE 200 {"content-type":"application/json; charset=UTF-8","vary":"X-Origin, Referer, Origin,Accept-Encoding","date":"Sun, 16 Jan 2022 06:03:48 GMT","server":"ESF","cache-control":"private","x-xss-protection":"0","x-frame-options":"SAMEORIGIN","x-content-type-options":"nosniff","alt-svc":"h3=\":443\"; ma=2592000,h3-29=\":443\"; ma=2592000,h3-Q050=\":443\"; ma=2592000,h3-Q046=\":443\"; ma=2592000,h3-Q043=\":443\"; ma=2592000,quic=\":443\"; ma=2592000; v=\"46,43\"","accept-ranges":"none","transfer-encoding":"chunked"}
[info] 
[info] === Deploying to 'capstone-database2'...
[info] 
[info] i  deploying hosting 
[debug] [2022-01-16T06:03:48.803Z] >>> HTTP REQUEST POST https://firebasehosting.googleapis.com/v1beta1/sites/capstone-database2-default-rtdb/versions  
 {"config":{"rewrites":[{"glob":"**","path":"/index.html"}]},"labels":{"deployment-tool":"cli-firebase"}}
[debug] [2022-01-16T06:03:49.043Z] <<< HTTP RESPONSE 500 {"vary":"X-Origin, Referer, Origin,Accept-Encoding","content-type":"application/json; charset=UTF-8","date":"Sun, 16 Jan 2022 06:03:48 GMT","server":"ESF","cache-control":"private","x-xss-protection":"0","x-frame-options":"SAMEORIGIN","x-content-type-options":"nosniff","alt-svc":"h3=\":443\"; ma=2592000,h3-29=\":443\"; ma=2592000,h3-Q050=\":443\"; ma=2592000,h3-Q046=\":443\"; ma=2592000,h3-Q043=\":443\"; ma=2592000,quic=\":443\"; ma=2592000; v=\"46,43\"","accept-ranges":"none","transfer-encoding":"chunked"}
[debug] [2022-01-16T06:03:49.044Z] <<< HTTP RESPONSE BODY {"error":{"code":500,"message":"Internal error encountered.","status":"INTERNAL"}}
[error] 
[error] Error: HTTP Error: 500, Internal error encountered.
[debug] [2022-01-16T06:03:49.122Z] Error Context: {
  "body": {
    "error": {
      "code": 500,
      "message": "Internal error encountered.",
      "status": "INTERNAL"
    }
  },
  "response": {
    "statusCode": 500,
    "body": {
      "error": {
        "code": 500,
        "message": "Internal error encountered.",
        "status": "INTERNAL"
      }
    },
    "headers": {
      "vary": "X-Origin, Referer, Origin,Accept-Encoding",
      "content-type": "application/json; charset=UTF-8",
      "date": "Sun, 16 Jan 2022 06:03:48 GMT",
      "server": "ESF",
      "cache-control": "private",
      "x-xss-protection": "0",
      "x-frame-options": "SAMEORIGIN",
      "x-content-type-options": "nosniff",
      "alt-svc": "h3=\":443\"; ma=2592000,h3-29=\":443\"; ma=2592000,h3-Q050=\":443\"; ma=2592000,h3-Q046=\":443\"; ma=2592000,h3-Q043=\":443\"; ma=2592000,quic=\":443\"; ma=2592000; v=\"46,43\"",
      "accept-ranges": "none",
      "transfer-encoding": "chunked"
    },
    "request": {
      "uri": {
        "protocol": "https:",
        "slashes": true,
        "auth": null,
        "host": "firebasehosting.googleapis.com",
        "port": 443,
        "hostname": "firebasehosting.googleapis.com",
        "hash": null,
        "search": null,
        "query": null,
        "pathname": "/v1beta1/sites/capstone-database2-default-rtdb/versions",
        "path": "/v1beta1/sites/capstone-database2-default-rtdb/versions",
        "href": "https://firebasehosting.googleapis.com/v1beta1/sites/capstone-database2-default-rtdb/versions"
      },
      "method": "POST"
    }
  }
}
[debug] [2022-01-16T06:03:55.368Z] ----------------------------------------------------------------------
[debug] [2022-01-16T06:03:55.370Z] Command:       /usr/local/bin/firebase /Users/thucnguyen/.cache/firebase/tools/lib/node_modules/firebase-tools/lib/bin/firebase deploy
[debug] [2022-01-16T06:03:55.370Z] CLI Version:   8.4.0
[debug] [2022-01-16T06:03:55.370Z] Platform:      darwin
[debug] [2022-01-16T06:03:55.370Z] Node Version:  v12.16.1
[debug] [2022-01-16T06:03:55.371Z] Time:          Sun Jan 16 2022 01:03:55 GMT-0500 (Eastern Standard Time)
[debug] [2022-01-16T06:03:55.371Z] ----------------------------------------------------------------------
[debug] [2022-01-16T06:03:55.372Z] 
[debug] [2022-01-16T06:03:55.380Z] > command requires scopes: ["email","openid","https://www.googleapis.com/auth/cloudplatformprojects.readonly","https://www.googleapis.com/auth/firebase","https://www.googleapis.com/auth/cloud-platform"]
[debug] [2022-01-16T06:03:55.380Z] > authorizing via signed-in user
[debug] [2022-01-16T06:03:55.380Z] [iam] checking project capstone-database2 for permissions ["firebase.projects.get","firebasehosting.sites.update"]
[debug] [2022-01-16T06:03:55.383Z] >>> HTTP REQUEST POST https://cloudresourcemanager.googleapis.com/v1/projects/capstone-database2:testIamPermissions  
 {"permissions":["firebase.projects.get","firebasehosting.sites.update"]}
[debug] [2022-01-16T06:03:55.627Z] <<< HTTP RESPONSE 200 {"content-type":"application/json; charset=UTF-8","vary":"X-Origin, Referer, Origin,Accept-Encoding","date":"Sun, 16 Jan 2022 06:03:55 GMT","server":"ESF","cache-control":"private","x-xss-protection":"0","x-frame-options":"SAMEORIGIN","x-content-type-options":"nosniff","server-timing":"gfet4t7; dur=161","alt-svc":"h3=\":443\"; ma=2592000,h3-29=\":443\"; ma=2592000,h3-Q050=\":443\"; ma=2592000,h3-Q046=\":443\"; ma=2592000,h3-Q043=\":443\"; ma=2592000,quic=\":443\"; ma=2592000; v=\"46,43\"","accept-ranges":"none","transfer-encoding":"chunked"}
[debug] [2022-01-16T06:03:55.630Z] >>> HTTP REQUEST GET https://firebase.googleapis.com/v1beta1/projects/capstone-database2  
 
[debug] [2022-01-16T06:03:55.943Z] <<< HTTP RESPONSE 200 {"content-type":"application/json; charset=UTF-8","vary":"X-Origin, Referer, Origin,Accept-Encoding","date":"Sun, 16 Jan 2022 06:03:55 GMT","server":"ESF","cache-control":"private","x-xss-protection":"0","x-frame-options":"SAMEORIGIN","x-content-type-options":"nosniff","alt-svc":"h3=\":443\"; ma=2592000,h3-29=\":443\"; ma=2592000,h3-Q050=\":443\"; ma=2592000,h3-Q046=\":443\"; ma=2592000,h3-Q043=\":443\"; ma=2592000,quic=\":443\"; ma=2592000; v=\"46,43\"","accept-ranges":"none","transfer-encoding":"chunked"}
[info] 
[info] === Deploying to 'capstone-database2'...
[info] 
[info] i  deploying hosting 
[debug] [2022-01-16T06:03:55.949Z] >>> HTTP REQUEST POST https://firebasehosting.googleapis.com/v1beta1/sites/capstone-database2-default-rtdb/versions  
 {"config":{"rewrites":[{"glob":"**","path":"/index.html"}]},"labels":{"deployment-tool":"cli-firebase"}}
[debug] [2022-01-16T06:03:56.156Z] <<< HTTP RESPONSE 500 {"vary":"X-Origin, Referer, Origin,Accept-Encoding","content-type":"application/json; charset=UTF-8","date":"Sun, 16 Jan 2022 06:03:56 GMT","server":"ESF","cache-control":"private","x-xss-protection":"0","x-frame-options":"SAMEORIGIN","x-content-type-options":"nosniff","alt-svc":"h3=\":443\"; ma=2592000,h3-29=\":443\"; ma=2592000,h3-Q050=\":443\"; ma=2592000,h3-Q046=\":443\"; ma=2592000,h3-Q043=\":443\"; ma=2592000,quic=\":443\"; ma=2592000; v=\"46,43\"","accept-ranges":"none","transfer-encoding":"chunked"}
[debug] [2022-01-16T06:03:56.157Z] <<< HTTP RESPONSE BODY {"error":{"code":500,"message":"Internal error encountered.","status":"INTERNAL"}}
[error] 
[error] Error: HTTP Error: 500, Internal error encountered.
[debug] [2022-01-16T06:03:56.235Z] Error Context: {
  "body": {
    "error": {
      "code": 500,
      "message": "Internal error encountered.",
      "status": "INTERNAL"
    }
  },
  "response": {
    "statusCode": 500,
    "body": {
      "error": {
        "code": 500,
        "message": "Internal error encountered.",
        "status": "INTERNAL"
      }
    },
    "headers": {
      "vary": "X-Origin, Referer, Origin,Accept-Encoding",
      "content-type": "application/json; charset=UTF-8",
      "date": "Sun, 16 Jan 2022 06:03:56 GMT",
      "server": "ESF",
      "cache-control": "private",
      "x-xss-protection": "0",
      "x-frame-options": "SAMEORIGIN",
      "x-content-type-options": "nosniff",
      "alt-svc": "h3=\":443\"; ma=2592000,h3-29=\":443\"; ma=2592000,h3-Q050=\":443\"; ma=2592000,h3-Q046=\":443\"; ma=2592000,h3-Q043=\":443\"; ma=2592000,quic=\":443\"; ma=2592000; v=\"46,43\"",
      "accept-ranges": "none",
      "transfer-encoding": "chunked"
    },
    "request": {
      "uri": {
        "protocol": "https:",
        "slashes": true,
        "auth": null,
        "host": "firebasehosting.googleapis.com",
        "port": 443,
        "hostname": "firebasehosting.googleapis.com",
        "hash": null,
        "search": null,
        "query": null,
        "pathname": "/v1beta1/sites/capstone-database2-default-rtdb/versions",
        "path": "/v1beta1/sites/capstone-database2-default-rtdb/versions",
        "href": "https://firebasehosting.googleapis.com/v1beta1/sites/capstone-database2-default-rtdb/versions"
      },
      "method": "POST"
    }
  }
}
